ERC report (2026-04-13T12:29:43+0000, Encoding UTF8)

***** Sheet /
[footprint_link_issues]: The current configuration does not include the footprint library 'FB_Library'.
    ; warning
    @(2.7813 mm, 0.7874 mm): Symbol J2 [USB_B_Micro]

[lib_symbol_issues]: The current configuration does not include the symbol library 'MPU'
    ; warning
    @(3.2893 mm, 1.651 mm): Symbol U8 [MPU6050]

[footprint_link_issues]: The current configuration does not include the footprint library 'fp'.
    ; warning
    @(1.0287 mm, 1.4859 mm): Symbol J6 [Micro_SD_Card_Det1]

[footprint_link_issues]: The current configuration does not include the footprint library 'FPC_CONNECTOR24'.
    ; warning
    @(2.4511 mm, 0.6604 mm): Symbol U3 [_1]

[lib_symbol_issues]: The current configuration does not include the symbol library 'LCD_Con'
    ; warning
    @(2.4511 mm, 0.6604 mm): Symbol U3 [_1]

[footprint_link_issues]: The current configuration does not include the footprint library 'model'.
    ; warning
    @(0.8001 mm, 0.8382 mm): Symbol U6 [STLINK-V3MODS]

[lib_symbol_issues]: The current configuration does not include the symbol library 'STLINK-V3MODS'
    ; warning
    @(0.8001 mm, 0.8382 mm): Symbol U6 [STLINK-V3MODS]

[footprint_link_issues]: The current configuration does not include the footprint library 'model'.
    ; warning
    @(1.8796 mm, 0.9398 mm): Symbol U6 [STLINK-V3MODS]

[lib_symbol_issues]: The current configuration does not include the symbol library 'STLINK-V3MODS'
    ; warning
    @(1.8796 mm, 0.9398 mm): Symbol U6 [STLINK-V3MODS]

***** Sheet /Block Diagram/
***** Sheet /Project Architecture/
***** Sheet /Project Architecture/LCD/
***** Sheet /Project Architecture/stlinkv3/
***** Sheet /Power - Sequencing/
***** Sheet /Revision History/
 ** ERC messages: 9  Errors 0  Warnings 9
