** Drc report for Swasthik_KiBot_Project.kicad_pcb **
** Created on 2026-04-13T12:29:45+0000 **

** Found 83 DRC violations **
[silk_edge_clearance]: Silkscreen clipped by board edge
    ; warning
    @(154.949008 mm, 81.447799 mm): Segment on Edge.Cuts
    @(168.721446 mm, 85.380836 mm): PCB text 'Nano LCD Shield' on B.Silkscreen
[lib_footprint_mismatch]: Footprint 'C_0402_1005Metric' does not match copy in library 'Capacitor_SMD'.
    ; warning
    @(90.82 mm, 69.47 mm): Footprint C6
[lib_footprint_mismatch]: Footprint 'R_0402_1005Metric' does not match copy in library 'Resistor_SMD'.
    ; warning
    @(88.104 mm, 80.703336 mm): Footprint R8
[lib_footprint_mismatch]: Footprint 'C_0402_1005Metric' does not match copy in library 'Capacitor_SMD'.
    ; warning
    @(107.304 mm, 74.478336 mm): Footprint C2
[lib_footprint_mismatch]: Footprint 'R_0402_1005Metric' does not match copy in library 'Resistor_SMD'.
    ; warning
    @(113.577811 mm, 81.054217 mm): Footprint R13
[lib_footprint_mismatch]: Footprint 'C_0402_1005Metric' does not match copy in library 'Capacitor_SMD'.
    ; warning
    @(98.579 mm, 71.453336 mm): Footprint C4
[lib_footprint_mismatch]: Footprint 'R_0402_1005Metric' does not match copy in library 'Resistor_SMD'.
    ; warning
    @(106.454 mm, 51.528336 mm): Footprint R7
[lib_footprint_mismatch]: Footprint 'C_0402_1005Metric' does not match copy in library 'Capacitor_SMD'.
    ; warning
    @(90.84 mm, 67.34 mm): Footprint C5
[lib_footprint_mismatch]: Footprint 'R_0402_1005Metric' does not match copy in library 'Resistor_SMD'.
    ; warning
    @(164.771446 mm, 72.660836 mm): Footprint R21
[lib_footprint_mismatch]: Footprint 'QFN-24-1EP_4x4mm_P0.5mm_EP2.7x2.6mm' does not match copy in library 'Package_DFN_QFN'.
    ; warning
    @(101.04698 mm, 66.89 mm): Footprint U8
[lib_footprint_mismatch]: Footprint 'PinHeader_2x05_P2.54mm_Vertical_SMD' does not match copy in library 'Connector_PinHeader_2.54mm'.
    ; warning
    @(149.931446 mm, 63.190836 mm): Footprint J5
[lib_footprint_mismatch]: Footprint 'R_0402_1005Metric' does not match copy in library 'Resistor_SMD'.
    ; warning
    @(104.204 mm, 51.553336 mm): Footprint R6
[lib_footprint_mismatch]: Footprint 'SOT-23-6' does not match copy in library 'Package_TO_SOT_SMD'.
    ; warning
    @(101.019 mm, 47.648336 mm): Footprint U4
[lib_footprint_mismatch]: Footprint 'C_0402_1005Metric' does not match copy in library 'Capacitor_SMD'.
    ; warning
    @(111.640338 mm, 80.559242 mm): Footprint C21
[lib_footprint_mismatch]: Footprint 'R_0402_1005Metric' does not match copy in library 'Resistor_SMD'.
    ; warning
    @(163.641446 mm, 72.660836 mm): Footprint R20
[lib_footprint_mismatch]: Footprint 'R_0402_1005Metric' does not match copy in library 'Resistor_SMD'.
    ; warning
    @(88.229 mm, 78.778336 mm): Footprint R3
[lib_footprint_mismatch]: Footprint 'R_0402_1005Metric' does not match copy in library 'Resistor_SMD'.
    ; warning
    @(105.249 mm, 47.088336 mm): Footprint R24
[lib_footprint_mismatch]: Footprint 'C_0402_1005Metric' does not match copy in library 'Capacitor_SMD'.
    ; warning
    @(97.62 mm, 65.66 mm): Footprint C19
[lib_footprint_mismatch]: Footprint 'R_0402_1005Metric' does not match copy in library 'Resistor_SMD'.
    ; warning
    @(158.021446 mm, 72.710836 mm): Footprint R23
[lib_footprint_mismatch]: Footprint 'R_0402_1005Metric' does not match copy in library 'Resistor_SMD'.
    ; warning
    @(159.341446 mm, 72.720836 mm): Footprint R17
[lib_footprint_mismatch]: Footprint 'R_0402_1005Metric' does not match copy in library 'Resistor_SMD'.
    ; warning
    @(112.170668 mm, 82.46136 mm): Footprint R12
[lib_footprint_mismatch]: Footprint 'C_0402_1005Metric' does not match copy in library 'Capacitor_SMD'.
    ; warning
    @(104.529 mm, 67.853336 mm): Footprint C18
[lib_footprint_mismatch]: Footprint 'C_0402_1005Metric' does not match copy in library 'Capacitor_SMD'.
    ; warning
    @(103.94 mm, 83.08 mm): Footprint C1
[lib_footprint_mismatch]: Footprint 'C_0402_1005Metric' does not match copy in library 'Capacitor_SMD'.
    ; warning
    @(89.704 mm, 80.228336 mm): Footprint C15
[lib_footprint_mismatch]: Footprint 'R_0402_1005Metric' does not match copy in library 'Resistor_SMD'.
    ; warning
    @(165.931446 mm, 72.670836 mm): Footprint R22
[lib_footprint_mismatch]: Footprint 'C_0402_1005Metric' does not match copy in library 'Capacitor_SMD'.
    ; warning
    @(116.780589 mm, 55.329411 mm): Footprint C10
[lib_footprint_mismatch]: Footprint 'PinHeader_2x05_P2.54mm_Vertical_SMD' does not match copy in library 'Connector_PinHeader_2.54mm'.
    ; warning
    @(177.396446 mm, 63.160836 mm): Footprint J3
[lib_footprint_mismatch]: Footprint 'C_0402_1005Metric' does not match copy in library 'Capacitor_SMD'.
    ; warning
    @(95.579 mm, 78.198336 mm): Footprint C17
[lib_footprint_mismatch]: Footprint 'R_0402_1005Metric' does not match copy in library 'Resistor_SMD'.
    ; warning
    @(97.34 mm, 68.56 mm): Footprint R11
[lib_footprint_mismatch]: Footprint 'C_0402_1005Metric' does not match copy in library 'Capacitor_SMD'.
    ; warning
    @(104.504 mm, 65.728336 mm): Footprint C20
[lib_footprint_mismatch]: Footprint 'C_0402_1005Metric' does not match copy in library 'Capacitor_SMD'.
    ; warning
    @(95.604 mm, 73.703336 mm): Footprint C3
[lib_footprint_mismatch]: Footprint 'R_0402_1005Metric' does not match copy in library 'Resistor_SMD'.
    ; warning
    @(105.329 mm, 51.553336 mm): Footprint R5
[lib_footprint_mismatch]: Footprint 'R_0402_1005Metric' does not match copy in library 'Resistor_SMD'.
    ; warning
    @(97.33 mm, 67.52 mm): Footprint R10
[lib_footprint_mismatch]: Footprint 'R_0402_1005Metric' does not match copy in library 'Resistor_SMD'.
    ; warning
    @(115.839376 mm, 54.330624 mm): Footprint R4
[lib_footprint_mismatch]: Footprint 'R_0402_1005Metric' does not match copy in library 'Resistor_SMD'.
    ; warning
    @(161.381446 mm, 72.680836 mm): Footprint R18
[lib_footprint_mismatch]: Footprint 'LQFP-48_7x7mm_P0.5mm' does not match copy in library 'Package_QFP'.
    ; warning
    @(101.52 mm, 77.15 mm): Footprint U1
[lib_footprint_mismatch]: Footprint 'LED_0603_1608Metric' does not match copy in library 'LED_SMD'.
    ; warning
    @(107.339 mm, 46.398336 mm): Footprint D8
[lib_footprint_mismatch]: Footprint 'C_0402_1005Metric' does not match copy in library 'Capacitor_SMD'.
    ; warning
    @(94.479 mm, 78.198336 mm): Footprint C9
[lib_footprint_mismatch]: Footprint 'PinHeader_2x05_P2.54mm_Vertical_SMD' does not match copy in library 'Connector_PinHeader_2.54mm'.
    ; warning
    @(163.671446 mm, 49.420836 mm): Footprint J4
[lib_footprint_mismatch]: Footprint 'LED_0603_1608Metric' does not match copy in library 'LED_SMD'.
    ; warning
    @(91.25 mm, 49.9 mm): Footprint D1
[lib_footprint_mismatch]: Footprint 'SOT-23-5' does not match copy in library 'Package_TO_SOT_SMD'.
    ; warning
    @(84.9915 mm, 56.628336 mm): Footprint U5
[lib_footprint_mismatch]: Footprint 'R_0402_1005Metric' does not match copy in library 'Resistor_SMD'.
    ; warning
    @(120.88698 mm, 65.2875 mm): Footprint R15
[lib_footprint_mismatch]: Footprint 'R_0402_1005Metric' does not match copy in library 'Resistor_SMD'.
    ; warning
    @(116.179 mm, 77.553336 mm): Footprint R14
[lib_footprint_mismatch]: Footprint 'LED_0603_1608Metric' does not match copy in library 'LED_SMD'.
    ; warning
    @(80.91698 mm, 69.18 mm): Footprint D2
[lib_footprint_mismatch]: Footprint 'R_0402_1005Metric' does not match copy in library 'Resistor_SMD'.
    ; warning
    @(100.539 mm, 86.288336 mm): Footprint R16
[lib_footprint_mismatch]: Footprint 'R_0402_1005Metric' does not match copy in library 'Resistor_SMD'.
    ; warning
    @(80.95698 mm, 66.46 mm): Footprint R2
[lib_footprint_mismatch]: Footprint 'R_0402_1005Metric' does not match copy in library 'Resistor_SMD'.
    ; warning
    @(92.654 mm, 84.578336 mm): Footprint R9
[lib_footprint_mismatch]: Footprint 'C_0402_1005Metric' does not match copy in library 'Capacitor_SMD'.
    ; warning
    @(85.554 mm, 53.903336 mm): Footprint C8
[lib_footprint_mismatch]: Footprint 'R_0402_1005Metric' does not match copy in library 'Resistor_SMD'.
    ; warning
    @(91.219 mm, 53.228336 mm): Footprint R1
[lib_footprint_mismatch]: Footprint 'R_0402_1005Metric' does not match copy in library 'Resistor_SMD'.
    ; warning
    @(102.849 mm, 86.348336 mm): Footprint R19
[lib_footprint_mismatch]: Footprint 'LED_0603_1608Metric' does not match copy in library 'LED_SMD'.
    ; warning
    @(120.87698 mm, 67.9875 mm): Footprint D3
[lib_footprint_mismatch]: Footprint 'LED_0603_1608Metric' does not match copy in library 'LED_SMD'.
    ; warning
    @(101.05 mm, 87.74 mm): Footprint D4
[lib_footprint_mismatch]: Footprint 'C_0402_1005Metric' does not match copy in library 'Capacitor_SMD'.
    ; warning
    @(84.549 mm, 59.328336 mm): Footprint C7
[silk_over_copper]: Silkscreen clipped by solder mask
    ; warning
    @(92.199 mm, 69.208336 mm): PCB text 'FASTBIT EMBEDDED' on B.Silkscreen
[solder_mask_bridge]: Rear solder mask aperture bridges items with different nets
    ; warning
    @(108.36951 mm, 47.69 mm): Pad 1 [unconnected-(U6A-BRIDGE_UART_RX-Pad1)] of U6 on L2 (Sig, PWR)
    @(108.36951 mm, 48.96 mm): Pad 2 [unconnected-(U6A-BRIDGE_UART_CTS-Pad2)] of U6 on L2 (Sig, PWR)
[solder_mask_bridge]: Rear solder mask aperture bridges items with different nets
    ; warning
    @(108.36951 mm, 48.96 mm): Pad 2 [unconnected-(U6A-BRIDGE_UART_CTS-Pad2)] of U6 on L2 (Sig, PWR)
    @(108.36951 mm, 50.23 mm): Pad 3 [unconnected-(U6A-BRIDGE_UART_RTS-Pad3)] of U6 on L2 (Sig, PWR)
[solder_mask_bridge]: Rear solder mask aperture bridges items with different nets
    ; warning
    @(108.36951 mm, 50.23 mm): Pad 3 [unconnected-(U6A-BRIDGE_UART_RTS-Pad3)] of U6 on L2 (Sig, PWR)
    @(108.36951 mm, 51.5 mm): Pad 4 [SWDIO] of U6 on L2 (Sig, PWR)
[solder_mask_bridge]: Rear solder mask aperture bridges items with different nets
    ; warning
    @(108.36951 mm, 51.5 mm): Pad 4 [SWDIO] of U6 on L2 (Sig, PWR)
    @(108.36951 mm, 52.77 mm): Pad 5 [GND] of U6 on L2 (Sig, PWR)
[solder_mask_bridge]: Rear solder mask aperture bridges items with different nets
    ; warning
    @(108.36951 mm, 52.77 mm): Pad 5 [GND] of U6 on L2 (Sig, PWR)
    @(108.36951 mm, 54.04 mm): Pad 6 [SWO] of U6 on L2 (Sig, PWR)
[solder_mask_bridge]: Rear solder mask aperture bridges items with different nets
    ; warning
    @(108.36951 mm, 54.04 mm): Pad 6 [SWO] of U6 on L2 (Sig, PWR)
    @(108.36951 mm, 55.31 mm): Pad 7 [unconnected-(U6A-BRIDGE_SPI_CLK-Pad7)] of U6 on L2 (Sig, PWR)
[solder_mask_bridge]: Rear solder mask aperture bridges items with different nets
    ; warning
    @(108.36951 mm, 55.31 mm): Pad 7 [unconnected-(U6A-BRIDGE_SPI_CLK-Pad7)] of U6 on L2 (Sig, PWR)
    @(108.36951 mm, 56.58 mm): Pad 8 [GND] of U6 on L2 (Sig, PWR)
[solder_mask_bridge]: Rear solder mask aperture bridges items with different nets
    ; warning
    @(108.36951 mm, 56.58 mm): Pad 8 [GND] of U6 on L2 (Sig, PWR)
    @(108.36951 mm, 57.85 mm): Pad 9 [unconnected-(U6A-BRIDGE_CAN_RX-Pad9)] of U6 on L2 (Sig, PWR)
[solder_mask_bridge]: Rear solder mask aperture bridges items with different nets
    ; warning
    @(108.36951 mm, 57.85 mm): Pad 9 [unconnected-(U6A-BRIDGE_CAN_RX-Pad9)] of U6 on L2 (Sig, PWR)
    @(108.36951 mm, 59.12 mm): Pad 10 [unconnected-(U6A-BRIDGE_CAN_TX-Pad10)] of U6 on L2 (Sig, PWR)
[solder_mask_bridge]: Rear solder mask aperture bridges items with different nets
    ; warning
    @(108.36951 mm, 59.12 mm): Pad 10 [unconnected-(U6A-BRIDGE_CAN_TX-Pad10)] of U6 on L2 (Sig, PWR)
    @(108.36951 mm, 60.39 mm): Pad 11 [unconnected-(U6A-BRIDGE_UART_TX-Pad11)] of U6 on L2 (Sig, PWR)
[solder_mask_bridge]: Rear solder mask aperture bridges items with different nets
    ; warning
    @(108.36951 mm, 60.39 mm): Pad 11 [unconnected-(U6A-BRIDGE_UART_TX-Pad11)] of U6 on L2 (Sig, PWR)
    @(108.36951 mm, 61.66 mm): Pad 12 [USART1_TX] of U6 on L2 (Sig, PWR)
[solder_mask_bridge]: Rear solder mask aperture bridges items with different nets
    ; warning
    @(108.36951 mm, 61.66 mm): Pad 12 [USART1_TX] of U6 on L2 (Sig, PWR)
    @(108.36951 mm, 62.93 mm): Pad 13 [SWCLK] of U6 on L2 (Sig, PWR)
[solder_mask_bridge]: Rear solder mask aperture bridges items with different nets
    ; warning
    @(108.36951 mm, 62.93 mm): Pad 13 [SWCLK] of U6 on L2 (Sig, PWR)
    @(108.36951 mm, 64.2 mm): Pad 14 [unconnected-(U6A-BRIDGE_SPI_NSS-Pad14)] of U6 on L2 (Sig, PWR)
[solder_mask_bridge]: Rear solder mask aperture bridges items with different nets
    ; warning
    @(108.36951 mm, 64.2 mm): Pad 14 [unconnected-(U6A-BRIDGE_SPI_NSS-Pad14)] of U6 on L2 (Sig, PWR)
    @(108.36951 mm, 65.47 mm): Pad 15 [USART1_RX] of U6 on L2 (Sig, PWR)
[solder_mask_bridge]: Rear solder mask aperture bridges items with different nets
    ; warning
    @(108.36951 mm, 65.47 mm): Pad 15 [USART1_RX] of U6 on L2 (Sig, PWR)
    @(108.36951 mm, 66.74 mm): Pad 16 [unconnected-(U6A-BRIDGE_I2C_SCL-Pad16)] of U6 on L2 (Sig, PWR)
[solder_mask_bridge]: Rear solder mask aperture bridges items with different nets
    ; warning
    @(93.72945 mm, 66.74 mm): Pad 17 [unconnected-(U6A-BRIDGE_I2C_SDA-Pad17)] of U6 on L2 (Sig, PWR)
    @(93.72945 mm, 65.47 mm): Pad 18 [unconnected-(U6A-BRIDGE_GPIO0-Pad18)] of U6 on L2 (Sig, PWR)
[solder_mask_bridge]: Rear solder mask aperture bridges items with different nets
    ; warning
    @(93.72945 mm, 65.47 mm): Pad 18 [unconnected-(U6A-BRIDGE_GPIO0-Pad18)] of U6 on L2 (Sig, PWR)
    @(93.72945 mm, 64.2 mm): Pad 19 [unconnected-(U6A-BRIDGE_GPIO1-Pad19)] of U6 on L2 (Sig, PWR)
[solder_mask_bridge]: Rear solder mask aperture bridges items with different nets
    ; warning
    @(93.72945 mm, 64.2 mm): Pad 19 [unconnected-(U6A-BRIDGE_GPIO1-Pad19)] of U6 on L2 (Sig, PWR)
    @(93.72945 mm, 62.93 mm): Pad 20 [unconnected-(U6A-BRIDGE_GPIO2-Pad20)] of U6 on L2 (Sig, PWR)
[solder_mask_bridge]: Rear solder mask aperture bridges items with different nets
    ; warning
    @(93.72945 mm, 62.93 mm): Pad 20 [unconnected-(U6A-BRIDGE_GPIO2-Pad20)] of U6 on L2 (Sig, PWR)
    @(93.72945 mm, 61.66 mm): Pad 21 [unconnected-(U6A-BRIDGE_GPIO3-Pad21)] of U6 on L2 (Sig, PWR)
[solder_mask_bridge]: Rear solder mask aperture bridges items with different nets
    ; warning
    @(93.72945 mm, 61.66 mm): Pad 21 [unconnected-(U6A-BRIDGE_GPIO3-Pad21)] of U6 on L2 (Sig, PWR)
    @(93.72945 mm, 60.39 mm): Pad 22 [Net-(D7-A)] of U6 on L2 (Sig, PWR)
[solder_mask_bridge]: Rear solder mask aperture bridges items with different nets
    ; warning
    @(93.72945 mm, 60.39 mm): Pad 22 [Net-(D7-A)] of U6 on L2 (Sig, PWR)
    @(93.72945 mm, 59.12 mm): Pad 23 [unconnected-(U6A-BRIDGE_SPI_MISO-Pad23)] of U6 on L2 (Sig, PWR)
[solder_mask_bridge]: Rear solder mask aperture bridges items with different nets
    ; warning
    @(93.72945 mm, 59.12 mm): Pad 23 [unconnected-(U6A-BRIDGE_SPI_MISO-Pad23)] of U6 on L2 (Sig, PWR)
    @(93.72945 mm, 57.85 mm): Pad 24 [GND] of U6 on L2 (Sig, PWR)
[solder_mask_bridge]: Rear solder mask aperture bridges items with different nets
    ; warning
    @(93.72945 mm, 57.85 mm): Pad 24 [GND] of U6 on L2 (Sig, PWR)
    @(93.72945 mm, 56.58 mm): Pad 25 [unconnected-(U6A-BRIDGE_SPI_MOSI-Pad25)] of U6 on L2 (Sig, PWR)
[solder_mask_bridge]: Rear solder mask aperture bridges items with different nets
    ; warning
    @(93.72945 mm, 56.58 mm): Pad 25 [unconnected-(U6A-BRIDGE_SPI_MOSI-Pad25)] of U6 on L2 (Sig, PWR)
    @(93.72945 mm, 55.31 mm): Pad 26 [GND] of U6 on L2 (Sig, PWR)
[solder_mask_bridge]: Rear solder mask aperture bridges items with different nets
    ; warning
    @(93.72945 mm, 54.04 mm): Pad 27 [GND] of U6 on L2 (Sig, PWR)
    @(93.72945 mm, 52.77 mm): Pad 28 [unconnected-(U6A-T_JTDI/NC-Pad28)] of U6 on L2 (Sig, PWR)
[solder_mask_bridge]: Rear solder mask aperture bridges items with different nets
    ; warning
    @(93.72945 mm, 52.77 mm): Pad 28 [unconnected-(U6A-T_JTDI/NC-Pad28)] of U6 on L2 (Sig, PWR)
    @(93.72945 mm, 51.5 mm): Pad 29 [GND] of U6 on L2 (Sig, PWR)
[solder_mask_bridge]: Rear solder mask aperture bridges items with different nets
    ; warning
    @(93.72945 mm, 51.5 mm): Pad 29 [GND] of U6 on L2 (Sig, PWR)
    @(93.72945 mm, 50.23 mm): Pad 30 [Net-(JP1-B)] of U6 on L2 (Sig, PWR)
[solder_mask_bridge]: Rear solder mask aperture bridges items with different nets
    ; warning
    @(93.72945 mm, 50.23 mm): Pad 30 [Net-(JP1-B)] of U6 on L2 (Sig, PWR)
    @(93.72945 mm, 48.96 mm): Pad 31 [RESET] of U6 on L2 (Sig, PWR)
[solder_mask_bridge]: Rear solder mask aperture bridges items with different nets
    ; warning
    @(93.72945 mm, 48.96 mm): Pad 31 [RESET] of U6 on L2 (Sig, PWR)
    @(93.72945 mm, 47.69 mm): Pad 32 [unconnected-(U6A-T_SW_DIR-Pad32)] of U6 on L2 (Sig, PWR)

** Found 0 unconnected pads **

** Found 0 Footprint errors **

** End of Report **
